{
  "adler2 2.0.0 registry+https://github.com/rust-lang/crates.io-index": {
    "licenses": [
      "0BSD",
      "MIT",
      "Apache-2.0"
    ]
  },
  "android-tzdata 0.1.1 registry+https://github.com/rust-lang/crates.io-index": {
    "licenses": [
      "MIT",
      "Apache-2.0"
    ]
  },
  "android_system_properties 0.1.5 registry+https://github.com/rust-lang/crates.io-index": {
    "licenses": [
      "MIT",
      "Apache-2.0"
    ]
  },
  "autocfg 1.3.0 registry+https://github.com/rust-lang/crates.io-index": {
    "licenses": [
      "Apache-2.0",
      "MIT"
    ]
  },
  "base64 0.22.1 registry+https://github.com/rust-lang/crates.io-index": {
    "licenses": [
      "MIT",
      "Apache-2.0"
    ]
  },
  "bitflags 2.6.0 registry+https://github.com/rust-lang/crates.io-index": {
    "licenses": [
      "MIT",
      "Apache-2.0"
    ]
  },
  "bumpalo 3.16.0 registry+https://github.com/rust-lang/crates.io-index": {
    "licenses": [
      "MIT",
      "Apache-2.0"
    ]
  },
  "bytes 1.7.2 registry+https://github.com/rust-lang/crates.io-index": {
    "licenses": [
      "MIT"
    ]
  },
  "cc 1.1.21 registry+https://github.com/rust-lang/crates.io-index": {
    "licenses": [
      "MIT",
      "Apache-2.0"
    ]
  },
  "cfg-if 1.0.0 registry+https://github.com/rust-lang/crates.io-index": {
    "licenses": [
      "MIT",
      "Apache-2.0"
    ]
  },
  "chrono 0.4.40 registry+https://github.com/rust-lang/crates.io-index": {
    "licenses": [
      "MIT",
      "Apache-2.0"
    ]
  },
  "core-foundation-sys 0.8.7 registry+https://github.com/rust-lang/crates.io-index": {
    "licenses": [
      "MIT",
      "Apache-2.0"
    ]
  },
  "crc32fast 1.4.2 registry+https://github.com/rust-lang/crates.io-index": {
    "licenses": [
      "MIT",
      "Apache-2.0"
    ]
  },
  "deranged 0.3.11 registry+https://github.com/rust-lang/crates.io-index": {
    "licenses": [
      "MIT",
      "Apache-2.0"
    ]
  },
  "displaydoc 0.2.5 registry+https://github.com/rust-lang/crates.io-index": {
    "licenses": [
      "MIT",
      "Apache-2.0"
    ]
  },
  "flate2 1.0.33 registry+https://github.com/rust-lang/crates.io-index": {
    "licenses": [
      "MIT",
      "Apache-2.0"
    ]
  },
  "fnv 1.0.7 registry+https://github.com/rust-lang/crates.io-index": {
    "licenses": [
      "Apache-2.0",
      "MIT"
    ]
  },
  "form_urlencoded 1.2.1 registry+https://github.com/rust-lang/crates.io-index": {
    "licenses": [
      "MIT",
      "Apache-2.0"
    ]
  },
  "getrandom 0.2.15 registry+https://github.com/rust-lang/crates.io-index": {
    "licenses": [
      "MIT",
      "Apache-2.0"
    ]
  },
  "getrandom 0.3.1 registry+https://github.com/rust-lang/crates.io-index": {
    "licenses": [
      "MIT",
      "Apache-2.0"
    ]
  },
  "http 1.2.0 registry+https://github.com/rust-lang/crates.io-index": {
    "licenses": [
      "MIT",
      "Apache-2.0"
    ]
  },
  "iana-time-zone 0.1.61 registry+https://github.com/rust-lang/crates.io-index": {
    "licenses": [
      "MIT",
      "Apache-2.0"
    ]
  },
  "iana-time-zone-haiku 0.1.2 registry+https://github.com/rust-lang/crates.io-index": {
    "licenses": [
      "MIT",
      "Apache-2.0"
    ]
  },
  "icu_collections 1.5.0 registry+https://github.com/rust-lang/crates.io-index": {
    "licenses": [
      "Unicode-3.0"
    ]
  },
  "icu_locid 1.5.0 registry+https://github.com/rust-lang/crates.io-index": {
    "licenses": [
      "Unicode-3.0"
    ]
  },
  "icu_locid_transform 1.5.0 registry+https://github.com/rust-lang/crates.io-index": {
    "licenses": [
      "Unicode-3.0"
    ]
  },
  "icu_locid_transform_data 1.5.0 registry+https://github.com/rust-lang/crates.io-index": {
    "licenses": [
      "Unicode-3.0"
    ]
  },
  "icu_normalizer 1.5.0 registry+https://github.com/rust-lang/crates.io-index": {
    "licenses": [
      "Unicode-3.0"
    ]
  },
  "icu_normalizer_data 1.5.0 registry+https://github.com/rust-lang/crates.io-index": {
    "licenses": [
      "Unicode-3.0"
    ]
  },
  "icu_properties 1.5.1 registry+https://github.com/rust-lang/crates.io-index": {
    "licenses": [
      "Unicode-3.0"
    ]
  },
  "icu_properties_data 1.5.0 registry+https://github.com/rust-lang/crates.io-index": {
    "licenses": [
      "Unicode-3.0"
    ]
  },
  "icu_provider 1.5.0 registry+https://github.com/rust-lang/crates.io-index": {
    "licenses": [
      "Unicode-3.0"
    ]
  },
  "icu_provider_macros 1.5.0 registry+https://github.com/rust-lang/crates.io-index": {
    "licenses": [
      "Unicode-3.0"
    ]
  },
  "idna 1.0.3 registry+https://github.com/rust-lang/crates.io-index": {
    "licenses": [
      "MIT",
      "Apache-2.0"
    ]
  },
  "idna_adapter 1.2.0 registry+https://github.com/rust-lang/crates.io-index": {
    "licenses": [
      "Apache-2.0",
      "MIT"
    ]
  },
  "itoa 1.0.11 registry+https://github.com/rust-lang/crates.io-index": {
    "licenses": [
      "MIT",
      "Apache-2.0"
    ]
  },
  "js-sys 0.3.70 registry+https://github.com/rust-lang/crates.io-index": {
    "licenses": [
      "MIT",
      "Apache-2.0"
    ]
  },
  "jsonwebtoken 9.3.1 registry+https://github.com/rust-lang/crates.io-index": {
    "licenses": [
      "MIT"
    ]
  },
  "libc 0.2.159 registry+https://github.com/rust-lang/crates.io-index": {
    "licenses": [
      "MIT",
      "Apache-2.0"
    ]
  },
  "litemap 0.7.4 registry+https://github.com/rust-lang/crates.io-index": {
    "licenses": [
      "Unicode-3.0"
    ]
  },
  "log 0.4.22 registry+https://github.com/rust-lang/crates.io-index": {
    "licenses": [
      "MIT",
      "Apache-2.0"
    ]
  },
  "memchr 2.7.4 registry+https://github.com/rust-lang/crates.io-index": {
    "licenses": [
      "Unlicense",
      "MIT"
    ]
  },
  "miniz_oxide 0.8.0 registry+https://github.com/rust-lang/crates.io-index": {
    "licenses": [
      "MIT",
      "Zlib",
      "Apache-2.0"
    ]
  },
  "nr-auth 0.0.3 path+file:///Users/davidsanchez/Developer/NR-repos/newrelic-oauth-client-rs": {
    "licenses": []
  },
  "num-bigint 0.4.6 registry+https://github.com/rust-lang/crates.io-index": {
    "licenses": [
      "MIT",
      "Apache-2.0"
    ]
  },
  "num-conv 0.1.0 registry+https://github.com/rust-lang/crates.io-index": {
    "licenses": [
      "MIT",
      "Apache-2.0"
    ]
  },
  "num-integer 0.1.46 registry+https://github.com/rust-lang/crates.io-index": {
    "licenses": [
      "MIT",
      "Apache-2.0"
    ]
  },
  "num-traits 0.2.19 registry+https://github.com/rust-lang/crates.io-index": {
    "licenses": [
      "MIT",
      "Apache-2.0"
    ]
  },
  "once_cell 1.19.0 registry+https://github.com/rust-lang/crates.io-index": {
    "licenses": [
      "MIT",
      "Apache-2.0"
    ]
  },
  "pem 3.0.4 registry+https://github.com/rust-lang/crates.io-index": {
    "licenses": [
      "MIT"
    ]
  },
  "percent-encoding 2.3.1 registry+https://github.com/rust-lang/crates.io-index": {
    "licenses": [
      "MIT",
      "Apache-2.0"
    ]
  },
  "pin-project-lite 0.2.14 registry+https://github.com/rust-lang/crates.io-index": {
    "licenses": [
      "Apache-2.0",
      "MIT"
    ]
  },
  "powerfmt 0.2.0 registry+https://github.com/rust-lang/crates.io-index": {
    "licenses": [
      "MIT",
      "Apache-2.0"
    ]
  },
  "proc-macro2 1.0.86 registry+https://github.com/rust-lang/crates.io-index": {
    "licenses": [
      "MIT",
      "Apache-2.0"
    ]
  },
  "quote 1.0.37 registry+https://github.com/rust-lang/crates.io-index": {
    "licenses": [
      "MIT",
      "Apache-2.0"
    ]
  },
  "ring 0.17.8 registry+https://github.com/rust-lang/crates.io-index": {
    "licenses": []
  },
  "rustls 0.23.22 registry+https://github.com/rust-lang/crates.io-index": {
    "licenses": [
      "Apache-2.0",
      "ISC",
      "MIT"
    ]
  },
  "rustls-pki-types 1.11.0 registry+https://github.com/rust-lang/crates.io-index": {
    "licenses": [
      "MIT",
      "Apache-2.0"
    ]
  },
  "rustls-webpki 0.102.8 registry+https://github.com/rust-lang/crates.io-index": {
    "licenses": [
      "ISC"
    ]
  },
  "ryu 1.0.18 registry+https://github.com/rust-lang/crates.io-index": {
    "licenses": [
      "Apache-2.0",
      "BSL-1.0"
    ]
  },
  "serde 1.0.218 registry+https://github.com/rust-lang/crates.io-index": {
    "licenses": [
      "MIT",
      "Apache-2.0"
    ]
  },
  "serde_derive 1.0.218 registry+https://github.com/rust-lang/crates.io-index": {
    "licenses": [
      "MIT",
      "Apache-2.0"
    ]
  },
  "serde_json 1.0.139 registry+https://github.com/rust-lang/crates.io-index": {
    "licenses": [
      "MIT",
      "Apache-2.0"
    ]
  },
  "shlex 1.3.0 registry+https://github.com/rust-lang/crates.io-index": {
    "licenses": [
      "MIT",
      "Apache-2.0"
    ]
  },
  "simple_asn1 0.6.2 registry+https://github.com/rust-lang/crates.io-index": {
    "licenses": [
      "ISC"
    ]
  },
  "smallvec 1.13.2 registry+https://github.com/rust-lang/crates.io-index": {
    "licenses": [
      "MIT",
      "Apache-2.0"
    ]
  },
  "spin 0.9.8 registry+https://github.com/rust-lang/crates.io-index": {
    "licenses": [
      "MIT"
    ]
  },
  "stable_deref_trait 1.2.0 registry+https://github.com/rust-lang/crates.io-index": {
    "licenses": [
      "MIT",
      "Apache-2.0"
    ]
  },
  "subtle 2.6.1 registry+https://github.com/rust-lang/crates.io-index": {
    "licenses": [
      "BSD-3-Clause"
    ]
  },
  "syn 2.0.87 registry+https://github.com/rust-lang/crates.io-index": {
    "licenses": [
      "MIT",
      "Apache-2.0"
    ]
  },
  "synstructure 0.13.1 registry+https://github.com/rust-lang/crates.io-index": {
    "licenses": [
      "MIT"
    ]
  },
  "thiserror 1.0.69 registry+https://github.com/rust-lang/crates.io-index": {
    "licenses": [
      "MIT",
      "Apache-2.0"
    ]
  },
  "thiserror-impl 1.0.69 registry+https://github.com/rust-lang/crates.io-index": {
    "licenses": [
      "MIT",
      "Apache-2.0"
    ]
  },
  "time 0.3.36 registry+https://github.com/rust-lang/crates.io-index": {
    "licenses": [
      "MIT",
      "Apache-2.0"
    ]
  },
  "time-core 0.1.2 registry+https://github.com/rust-lang/crates.io-index": {
    "licenses": [
      "MIT",
      "Apache-2.0"
    ]
  },
  "time-macros 0.2.18 registry+https://github.com/rust-lang/crates.io-index": {
    "licenses": [
      "MIT",
      "Apache-2.0"
    ]
  },
  "tinystr 0.7.6 registry+https://github.com/rust-lang/crates.io-index": {
    "licenses": [
      "Unicode-3.0"
    ]
  },
  "tracing 0.1.41 registry+https://github.com/rust-lang/crates.io-index": {
    "licenses": [
      "MIT"
    ]
  },
  "tracing-attributes 0.1.28 registry+https://github.com/rust-lang/crates.io-index": {
    "licenses": [
      "MIT"
    ]
  },
  "tracing-core 0.1.33 registry+https://github.com/rust-lang/crates.io-index": {
    "licenses": [
      "MIT"
    ]
  },
  "unicode-ident 1.0.13 registry+https://github.com/rust-lang/crates.io-index": {
    "licenses": [
      "MIT",
      "Apache-2.0",
      "Unicode-DFS-2016"
    ]
  },
  "untrusted 0.9.0 registry+https://github.com/rust-lang/crates.io-index": {
    "licenses": [
      "ISC"
    ]
  },
  "ureq 2.12.1 registry+https://github.com/rust-lang/crates.io-index": {
    "licenses": [
      "MIT",
      "Apache-2.0"
    ]
  },
  "url 2.5.4 registry+https://github.com/rust-lang/crates.io-index": {
    "licenses": [
      "MIT",
      "Apache-2.0"
    ]
  },
  "utf16_iter 1.0.5 registry+https://github.com/rust-lang/crates.io-index": {
    "licenses": [
      "Apache-2.0",
      "MIT"
    ]
  },
  "utf8_iter 1.0.4 registry+https://github.com/rust-lang/crates.io-index": {
    "licenses": [
      "Apache-2.0",
      "MIT"
    ]
  },
  "uuid 1.15.1 registry+https://github.com/rust-lang/crates.io-index": {
    "licenses": [
      "Apache-2.0",
      "MIT"
    ]
  },
  "value-bag 1.9.0 registry+https://github.com/rust-lang/crates.io-index": {
    "licenses": [
      "Apache-2.0",
      "MIT"
    ]
  },
  "wasi 0.11.0+wasi-snapshot-preview1 registry+https://github.com/rust-lang/crates.io-index": {
    "licenses": [
      "Apache-2.0 WITH LLVM-exception",
      "Apache-2.0",
      "MIT"
    ]
  },
  "wasi 0.13.3+wasi-0.2.2 registry+https://github.com/rust-lang/crates.io-index": {
    "licenses": [
      "Apache-2.0 WITH LLVM-exception",
      "Apache-2.0",
      "MIT"
    ]
  },
  "wasm-bindgen 0.2.93 registry+https://github.com/rust-lang/crates.io-index": {
    "licenses": [
      "MIT",
      "Apache-2.0"
    ]
  },
  "wasm-bindgen-backend 0.2.93 registry+https://github.com/rust-lang/crates.io-index": {
    "licenses": [
      "MIT",
      "Apache-2.0"
    ]
  },
  "wasm-bindgen-macro 0.2.93 registry+https://github.com/rust-lang/crates.io-index": {
    "licenses": [
      "MIT",
      "Apache-2.0"
    ]
  },
  "wasm-bindgen-macro-support 0.2.93 registry+https://github.com/rust-lang/crates.io-index": {
    "licenses": [
      "MIT",
      "Apache-2.0"
    ]
  },
  "wasm-bindgen-shared 0.2.93 registry+https://github.com/rust-lang/crates.io-index": {
    "licenses": [
      "MIT",
      "Apache-2.0"
    ]
  },
  "webpki-roots 0.26.6 registry+https://github.com/rust-lang/crates.io-index": {
    "licenses": [
      "MPL-2.0"
    ]
  },
  "windows-core 0.52.0 registry+https://github.com/rust-lang/crates.io-index": {
    "licenses": [
      "MIT",
      "Apache-2.0"
    ]
  },
  "windows-link 0.1.0 registry+https://github.com/rust-lang/crates.io-index": {
    "licenses": [
      "MIT",
      "Apache-2.0"
    ]
  },
  "windows-sys 0.52.0 registry+https://github.com/rust-lang/crates.io-index": {
    "licenses": [
      "MIT",
      "Apache-2.0"
    ]
  },
  "windows-targets 0.52.6 registry+https://github.com/rust-lang/crates.io-index": {
    "licenses": [
      "MIT",
      "Apache-2.0"
    ]
  },
  "windows_aarch64_gnullvm 0.52.6 registry+https://github.com/rust-lang/crates.io-index": {
    "licenses": [
      "MIT",
      "Apache-2.0"
    ]
  },
  "windows_aarch64_msvc 0.52.6 registry+https://github.com/rust-lang/crates.io-index": {
    "licenses": [
      "MIT",
      "Apache-2.0"
    ]
  },
  "windows_i686_gnu 0.52.6 registry+https://github.com/rust-lang/crates.io-index": {
    "licenses": [
      "MIT",
      "Apache-2.0"
    ]
  },
  "windows_i686_gnullvm 0.52.6 registry+https://github.com/rust-lang/crates.io-index": {
    "licenses": [
      "MIT",
      "Apache-2.0"
    ]
  },
  "windows_i686_msvc 0.52.6 registry+https://github.com/rust-lang/crates.io-index": {
    "licenses": [
      "MIT",
      "Apache-2.0"
    ]
  },
  "windows_x86_64_gnu 0.52.6 registry+https://github.com/rust-lang/crates.io-index": {
    "licenses": [
      "MIT",
      "Apache-2.0"
    ]
  },
  "windows_x86_64_gnullvm 0.52.6 registry+https://github.com/rust-lang/crates.io-index": {
    "licenses": [
      "MIT",
      "Apache-2.0"
    ]
  },
  "windows_x86_64_msvc 0.52.6 registry+https://github.com/rust-lang/crates.io-index": {
    "licenses": [
      "MIT",
      "Apache-2.0"
    ]
  },
  "wit-bindgen-rt 0.33.0 registry+https://github.com/rust-lang/crates.io-index": {
    "licenses": [
      "Apache-2.0 WITH LLVM-exception",
      "Apache-2.0",
      "MIT"
    ]
  },
  "write16 1.0.0 registry+https://github.com/rust-lang/crates.io-index": {
    "licenses": [
      "Apache-2.0",
      "MIT"
    ]
  },
  "writeable 0.5.5 registry+https://github.com/rust-lang/crates.io-index": {
    "licenses": [
      "Unicode-3.0"
    ]
  },
  "yoke 0.7.5 registry+https://github.com/rust-lang/crates.io-index": {
    "licenses": [
      "Unicode-3.0"
    ]
  },
  "yoke-derive 0.7.5 registry+https://github.com/rust-lang/crates.io-index": {
    "licenses": [
      "Unicode-3.0"
    ]
  },
  "zerofrom 0.1.5 registry+https://github.com/rust-lang/crates.io-index": {
    "licenses": [
      "Unicode-3.0"
    ]
  },
  "zerofrom-derive 0.1.5 registry+https://github.com/rust-lang/crates.io-index": {
    "licenses": [
      "Unicode-3.0"
    ]
  },
  "zeroize 1.8.1 registry+https://github.com/rust-lang/crates.io-index": {
    "licenses": [
      "Apache-2.0",
      "MIT"
    ]
  },
  "zerovec 0.10.4 registry+https://github.com/rust-lang/crates.io-index": {
    "licenses": [
      "Unicode-3.0"
    ]
  },
  "zerovec-derive 0.10.3 registry+https://github.com/rust-lang/crates.io-index": {
    "licenses": [
      "Unicode-3.0"
    ]
  }
}